// Jest Snapshot v1, https://goo.gl/fbAQLP

exports[`Render button correctly 1`] = `
<View
  accessible={true}
  isTVSelectable={true}
  onResponderGrant={[Function]}
  onResponderMove={[Function]}
  onResponderRelease={[Function]}
  onResponderTerminate={[Function]}
  onResponderTerminationRequest={[Function]}
  onStartShouldSetResponder={[Function]}
  style={
    Object {
      "alignItems": "center",
      "backgroundColor": "#4163A5",
      "borderRadius": 2,
      "display": "flex",
      "flexDirection": "row",
      "height": 30,
      "justifyContent": "space-around",
      "opacity": 1,
      "width": "100%",
    }
  }
>
  <Text
    style={
      Object {
        "color": "white",
        "fontWeight": "500",
      }
    }
  >
    Button
  </Text>
</View>
`;
